
[TestModel - 1]
 My Title                                          disconnected  
---

[TestModelWithConnectedClient - 1]
 My Title                                          disconnected  
---
